<?xml version="1.0" encoding="UTF-8"?>
<widget id="com.shustariov.mtclient" version="0.0.1" xmlns="http://www.w3.org/ns/widgets" xmlns:cdv="http://cordova.apache.org/ns/1.0">
	<name>MT Client</name>
	<description>An application for money tracking</description>
	<author email="shutarev.andrey@gmail.com" href="">Andrey Shustariov</author>
	<content src="out/index.html"/>
	<access origin="*"/>
	<preference name="fullscreen" value="true"/>
	<preference name="webviewbounce" value="false"/>
	<preference name="UIWebViewBounce" value="false"/>
	<preference name="DisallowOverscroll" value="true"/>
	<preference name="BackupWebStorage" value="none"/>
	<feature name="StatusBar">
		<param name="ios-package" value="CDVStatusBar" onload="true"/>
	</feature>
	<platform name="android">
		<icon src="res/icon.jpg" density="ldpi"/>
		<icon src="res/icon.jpg" width="50px" height="50px"/>
		<splash src="res/splash-hdpi.png" density="port-hdpi"/>
		<splash src="res/splash-mdpi.png" density="port-mdpi"/>
	</platform>
	<platform name="ios">
		<icon src="res/icon.jpg"/>
		<splash src="res/splash.png" width="320" height="480"/>
	</platform>
</widget>