<?xml version="1.0" encoding="UTF-8"?>
<widget id="com.example.hello" version="0.0.1" xmlns="http://www.w3.org/ns/widgets" xmlns:cdv="http://cordova.apache.org/ns/1.0">
	<name>HelloWorld</name>
	<description>A sample Apache Cordova application that responds to the deviceready event.</description>
	<author email="dev@callback.apache.org" href="http://cordova.io">Apache Cordova Team</author>
	<content src="index.html"/>
	<access origin="*"/>
	<preference name="Fullscreen" value="true"/>
	<preference name="WebViewBounce" value="true"/>
</widget>